// Jest Snapshot v1, https://goo.gl/fbAQLP

exports[`should render Gif correctly 1`] = `
<div
  className="gif-item"
  onClick={[Function]}
>
  <img
    src="test.url.com"
  />
  <div
    className="gif-title"
  >
    test
  </div>
</div>
`;
