// Jest Snapshot v1, https://goo.gl/fbAQLP

exports[`should render GifModal correctly 1`] = `
<Modal
  ariaHideApp={true}
  bodyOpenClassName="ReactModal__Body--open"
  className="gif-modal"
  closeTimeoutMS={0}
  isOpen={false}
  onRequestClose={[Function]}
  parentSelector={[Function]}
  portalClassName="ReactModalPortal"
  role="dialog"
  shouldCloseOnEsc={true}
  shouldCloseOnOverlayClick={true}
  shouldFocusAfterRender={true}
  shouldReturnFocusAfterClose={true}
>
  <Slider
    gifs={
      Array [
        Object {
          "id": 1,
          "images": Object {
            "downsized_still": Object {
              "url": "test.url.com",
            },
          },
          "title": "test",
        },
        Object {
          "id": 2,
          "images": Object {
            "downsized_still": Object {
              "url": "test.url.com",
            },
          },
          "title": "test",
        },
        Object {
          "id": 3,
          "images": Object {
            "downsized_still": Object {
              "url": "test.url.com",
            },
          },
          "title": "test",
        },
      ]
    }
    selectedGif={0}
  />
</Modal>
`;
